Archive member included to satisfy reference by file (symbol)

/usr/lib/gcc/avr/7.2.0/avr5/libgcc.a(_exit.o)
                              /usr/lib/gcc/avr/7.2.0/../../../../avr/lib/avr5/crtatmega32u4.o (exit)
/usr/lib/gcc/avr/7.2.0/avr5/libgcc.a(_copy_data.o)
                              obj/usb.o (__do_copy_data)
/usr/lib/gcc/avr/7.2.0/avr5/libgcc.a(_clear_bss.o)
                              obj/pointer.o (__do_clear_bss)
/usr/lib/gcc/avr/7.2.0/../../../../avr/lib/avr5/libc.a(memcpy_P.o)
                              obj/RNDISClassDevice.o (memcpy_P)
/usr/lib/gcc/avr/7.2.0/../../../../avr/lib/avr5/libc.a(strlen_P.o)
                              obj/CDCClassDevice.o (__strlen_P)
/usr/lib/gcc/avr/7.2.0/../../../../avr/lib/avr5/libc.a(memcmp.o)
                              obj/HIDClassDevice.o (memcmp)
/usr/lib/gcc/avr/7.2.0/../../../../avr/lib/avr5/libc.a(memcpy.o)
                              obj/HIDClassDevice.o (memcpy)
/usr/lib/gcc/avr/7.2.0/../../../../avr/lib/avr5/libc.a(memset.o)
                              obj/HIDClassDevice.o (memset)
/usr/lib/gcc/avr/7.2.0/../../../../avr/lib/avr5/libatmega32u4.a(eerd_byte.o)
                              obj/EndpointStream_AVR8.o (eeprom_read_byte)
/usr/lib/gcc/avr/7.2.0/../../../../avr/lib/avr5/libatmega32u4.a(eeupd_byte.o)
                              obj/EndpointStream_AVR8.o (eeprom_update_byte)

Allocating common symbols
Common symbol       size              file

USB_IsInitialized   0x1               obj/USBTask.o
recv_buf            0x2               obj/pointer.o
USB_DeviceState     0x1               obj/USBTask.o
USB_Device_ConfigurationNumber
                    0x1               obj/DeviceStandardReq.o
USB_Device_CurrentlySelfPowered
                    0x1               obj/DeviceStandardReq.o
recv_len            0x1               obj/pointer.o
recv_op             0x1               obj/pointer.o
USB_ControlRequest  0x8               obj/USBTask.o
send_op             0x1               obj/pointer.o
USB_Device_RemoteWakeupEnabled
                    0x1               obj/DeviceStandardReq.o
send_buf            0x2               obj/pointer.o
send_len            0x1               obj/pointer.o

Discarded input sections

 .data          0x0000000000000000        0x0 /usr/lib/gcc/avr/7.2.0/../../../../avr/lib/avr5/crtatmega32u4.o
 .bss           0x0000000000000000        0x0 /usr/lib/gcc/avr/7.2.0/../../../../avr/lib/avr5/crtatmega32u4.o
 .text          0x0000000000000000        0x0 obj/pointer.o
 .data          0x0000000000000000        0x0 obj/pointer.o
 .bss           0x0000000000000000        0x0 obj/pointer.o
 .text          0x0000000000000000        0x0 obj/usb.o
 .text.usb_cdc_send_packet
                0x0000000000000000       0x62 obj/usb.o
 .text.usb_keyboard_send_report
                0x0000000000000000       0x22 obj/usb.o
 .text.usb_keyboard_key_down
                0x0000000000000000       0x36 obj/usb.o
 .text.usb_keyboard_key_up
                0x0000000000000000       0x30 obj/usb.o
 .text.usb_keyboard_modifier_down
                0x0000000000000000       0x1a obj/usb.o
 .text.usb_keyboard_modifier_up
                0x0000000000000000       0x1c obj/usb.o
 .text.usb_run  0x0000000000000000       0xcc obj/usb.o
 .text          0x0000000000000000        0x0 obj/spi.o
 .data          0x0000000000000000        0x0 obj/spi.o
 .bss           0x0000000000000000        0x0 obj/spi.o
 .text          0x0000000000000000        0x0 obj/Descriptors.o
 .data          0x0000000000000000        0x0 obj/Descriptors.o
 .bss           0x0000000000000000        0x0 obj/Descriptors.o
 .text          0x0000000000000000        0x0 obj/HIDParser.o
 .data          0x0000000000000000        0x0 obj/HIDParser.o
 .bss           0x0000000000000000        0x0 obj/HIDParser.o
 .text.USB_ProcessHIDReport
                0x0000000000000000      0x6d6 obj/HIDParser.o
 .text.USB_GetHIDReportItemInfo
                0x0000000000000000       0xbc obj/HIDParser.o
 .text.USB_SetHIDReportItemInfo
                0x0000000000000000       0xb2 obj/HIDParser.o
 .text.USB_GetHIDReportSize
                0x0000000000000000       0x56 obj/HIDParser.o
 .debug_info    0x0000000000000000      0x728 obj/HIDParser.o
 .debug_abbrev  0x0000000000000000      0x220 obj/HIDParser.o
 .debug_loc     0x0000000000000000      0xb56 obj/HIDParser.o
 .debug_aranges
                0x0000000000000000       0x38 obj/HIDParser.o
 .debug_ranges  0x0000000000000000      0x110 obj/HIDParser.o
 .debug_line    0x0000000000000000      0x56d obj/HIDParser.o
 .debug_str     0x0000000000000000      0x6bb obj/HIDParser.o
 .comment       0x0000000000000000       0x12 obj/HIDParser.o
 .debug_frame   0x0000000000000000      0x114 obj/HIDParser.o
 .text          0x0000000000000000        0x0 obj/Device_AVR8.o
 .data          0x0000000000000000        0x0 obj/Device_AVR8.o
 .bss           0x0000000000000000        0x0 obj/Device_AVR8.o
 .text.USB_Device_SendRemoteWakeup
                0x0000000000000000       0x2c obj/Device_AVR8.o
 .debug_info    0x0000000000000000      0x18c obj/Device_AVR8.o
 .debug_abbrev  0x0000000000000000       0xb6 obj/Device_AVR8.o
 .debug_aranges
                0x0000000000000000       0x20 obj/Device_AVR8.o
 .debug_ranges  0x0000000000000000       0x10 obj/Device_AVR8.o
 .debug_line    0x0000000000000000      0x15d obj/Device_AVR8.o
 .debug_str     0x0000000000000000      0x2d5 obj/Device_AVR8.o
 .comment       0x0000000000000000       0x12 obj/Device_AVR8.o
 .debug_frame   0x0000000000000000       0x24 obj/Device_AVR8.o
 .text          0x0000000000000000        0x0 obj/EndpointStream_AVR8.o
 .data          0x0000000000000000        0x0 obj/EndpointStream_AVR8.o
 .bss           0x0000000000000000        0x0 obj/EndpointStream_AVR8.o
 .text.Endpoint_Discard_Stream
                0x0000000000000000       0x8a obj/EndpointStream_AVR8.o
 .text.Endpoint_Null_Stream
                0x0000000000000000       0x8a obj/EndpointStream_AVR8.o
 .text.Endpoint_Write_Stream_BE
                0x0000000000000000       0xa8 obj/EndpointStream_AVR8.o
 .text.Endpoint_Read_Stream_LE
                0x0000000000000000       0x9e obj/EndpointStream_AVR8.o
 .text.Endpoint_Read_Stream_BE
                0x0000000000000000       0xa8 obj/EndpointStream_AVR8.o
 .text.Endpoint_Write_PStream_LE
                0x0000000000000000       0xa0 obj/EndpointStream_AVR8.o
 .text.Endpoint_Write_PStream_BE
                0x0000000000000000       0xaa obj/EndpointStream_AVR8.o
 .text.Endpoint_Write_EStream_LE
                0x0000000000000000       0xa2 obj/EndpointStream_AVR8.o
 .text.Endpoint_Write_EStream_BE
                0x0000000000000000       0xac obj/EndpointStream_AVR8.o
 .text.Endpoint_Read_EStream_LE
                0x0000000000000000       0xa2 obj/EndpointStream_AVR8.o
 .text.Endpoint_Read_EStream_BE
                0x0000000000000000       0xac obj/EndpointStream_AVR8.o
 .text.Endpoint_Write_Control_Stream_BE
                0x0000000000000000       0xcc obj/EndpointStream_AVR8.o
 .text.Endpoint_Read_Control_Stream_BE
                0x0000000000000000       0x84 obj/EndpointStream_AVR8.o
 .text.Endpoint_Write_Control_PStream_BE
                0x0000000000000000       0xc8 obj/EndpointStream_AVR8.o
 .text.Endpoint_Write_Control_EStream_LE
                0x0000000000000000       0xe6 obj/EndpointStream_AVR8.o
 .text.Endpoint_Write_Control_EStream_BE
                0x0000000000000000       0xf4 obj/EndpointStream_AVR8.o
 .text.Endpoint_Read_Control_EStream_LE
                0x0000000000000000       0x8c obj/EndpointStream_AVR8.o
 .text.Endpoint_Read_Control_EStream_BE
                0x0000000000000000       0x94 obj/EndpointStream_AVR8.o
 .text          0x0000000000000000        0x0 obj/Endpoint_AVR8.o
 .data          0x0000000000000000        0x0 obj/Endpoint_AVR8.o
 .bss           0x0000000000000000        0x0 obj/Endpoint_AVR8.o
 .text.Endpoint_ConfigureEndpointTable
                0x0000000000000000       0x7a obj/Endpoint_AVR8.o
 .text.Endpoint_ClearEndpoints
                0x0000000000000000       0x28 obj/Endpoint_AVR8.o
 .text          0x0000000000000000        0x0 obj/Host_AVR8.o
 .data          0x0000000000000000        0x0 obj/Host_AVR8.o
 .bss           0x0000000000000000        0x0 obj/Host_AVR8.o
 .debug_info    0x0000000000000000       0x56 obj/Host_AVR8.o
 .debug_abbrev  0x0000000000000000       0x26 obj/Host_AVR8.o
 .debug_aranges
                0x0000000000000000       0x18 obj/Host_AVR8.o
 .debug_line    0x0000000000000000       0x1d obj/Host_AVR8.o
 .debug_str     0x0000000000000000      0x19f obj/Host_AVR8.o
 .comment       0x0000000000000000       0x12 obj/Host_AVR8.o
 .text          0x0000000000000000        0x0 obj/PipeStream_AVR8.o
 .data          0x0000000000000000        0x0 obj/PipeStream_AVR8.o
 .bss           0x0000000000000000        0x0 obj/PipeStream_AVR8.o
 .debug_info    0x0000000000000000       0x56 obj/PipeStream_AVR8.o
 .debug_abbrev  0x0000000000000000       0x26 obj/PipeStream_AVR8.o
 .debug_aranges
                0x0000000000000000       0x18 obj/PipeStream_AVR8.o
 .debug_line    0x0000000000000000       0x1d obj/PipeStream_AVR8.o
 .debug_str     0x0000000000000000      0x1a5 obj/PipeStream_AVR8.o
 .comment       0x0000000000000000       0x12 obj/PipeStream_AVR8.o
 .text          0x0000000000000000        0x0 obj/Pipe_AVR8.o
 .data          0x0000000000000000        0x0 obj/Pipe_AVR8.o
 .bss           0x0000000000000000        0x0 obj/Pipe_AVR8.o
 .debug_info    0x0000000000000000       0x56 obj/Pipe_AVR8.o
 .debug_abbrev  0x0000000000000000       0x26 obj/Pipe_AVR8.o
 .debug_aranges
                0x0000000000000000       0x18 obj/Pipe_AVR8.o
 .debug_line    0x0000000000000000       0x1d obj/Pipe_AVR8.o
 .debug_str     0x0000000000000000      0x19f obj/Pipe_AVR8.o
 .comment       0x0000000000000000       0x12 obj/Pipe_AVR8.o
 .text          0x0000000000000000        0x0 obj/USBController_AVR8.o
 .data          0x0000000000000000        0x0 obj/USBController_AVR8.o
 .bss           0x0000000000000000        0x0 obj/USBController_AVR8.o
 .text          0x0000000000000000        0x0 obj/USBInterrupt_AVR8.o
 .data          0x0000000000000000        0x0 obj/USBInterrupt_AVR8.o
 .bss           0x0000000000000000        0x0 obj/USBInterrupt_AVR8.o
 .text          0x0000000000000000        0x0 obj/ConfigDescriptors.o
 .data          0x0000000000000000        0x0 obj/ConfigDescriptors.o
 .bss           0x0000000000000000        0x0 obj/ConfigDescriptors.o
 .text.USB_GetNextDescriptor
                0x0000000000000000       0x3c obj/ConfigDescriptors.o
 .text.USB_GetNextDescriptorOfType
                0x0000000000000000       0x38 obj/ConfigDescriptors.o
 .text.USB_GetNextDescriptorOfTypeBefore
                0x0000000000000000       0x46 obj/ConfigDescriptors.o
 .text.USB_GetNextDescriptorOfTypeAfter
                0x0000000000000000       0x3e obj/ConfigDescriptors.o
 .text.USB_GetNextDescriptorComp
                0x0000000000000000       0x66 obj/ConfigDescriptors.o
 .debug_info    0x0000000000000000      0x492 obj/ConfigDescriptors.o
 .debug_abbrev  0x0000000000000000      0x1b9 obj/ConfigDescriptors.o
 .debug_loc     0x0000000000000000      0x59f obj/ConfigDescriptors.o
 .debug_aranges
                0x0000000000000000       0x40 obj/ConfigDescriptors.o
 .debug_ranges  0x0000000000000000       0x30 obj/ConfigDescriptors.o
 .debug_line    0x0000000000000000      0x208 obj/ConfigDescriptors.o
 .debug_str     0x0000000000000000      0x4d7 obj/ConfigDescriptors.o
 .comment       0x0000000000000000       0x12 obj/ConfigDescriptors.o
 .debug_frame   0x0000000000000000       0xfc obj/ConfigDescriptors.o
 .text          0x0000000000000000        0x0 obj/DeviceStandardReq.o
 .data          0x0000000000000000        0x0 obj/DeviceStandardReq.o
 .bss           0x0000000000000000        0x0 obj/DeviceStandardReq.o
 .text          0x0000000000000000        0x0 obj/Events.o
 .data          0x0000000000000000        0x0 obj/Events.o
 .bss           0x0000000000000000        0x0 obj/Events.o
 .text          0x0000000000000000        0x0 obj/HostStandardReq.o
 .data          0x0000000000000000        0x0 obj/HostStandardReq.o
 .bss           0x0000000000000000        0x0 obj/HostStandardReq.o
 .debug_info    0x0000000000000000       0x56 obj/HostStandardReq.o
 .debug_abbrev  0x0000000000000000       0x26 obj/HostStandardReq.o
 .debug_aranges
                0x0000000000000000       0x18 obj/HostStandardReq.o
 .debug_line    0x0000000000000000       0x1d obj/HostStandardReq.o
 .debug_str     0x0000000000000000      0x1a0 obj/HostStandardReq.o
 .comment       0x0000000000000000       0x12 obj/HostStandardReq.o
 .text          0x0000000000000000        0x0 obj/USBTask.o
 .data          0x0000000000000000        0x0 obj/USBTask.o
 .bss           0x0000000000000000        0x0 obj/USBTask.o
 .text.USB_USBTask
                0x0000000000000000       0x38 obj/USBTask.o
 .text          0x0000000000000000        0x0 obj/AudioClassDevice.o
 .data          0x0000000000000000        0x0 obj/AudioClassDevice.o
 .bss           0x0000000000000000        0x0 obj/AudioClassDevice.o
 .text.Audio_Device_ConfigureEndpoints
                0x0000000000000000       0x32 obj/AudioClassDevice.o
 .text.Audio_Device_Event_Stub
                0x0000000000000000        0x2 obj/AudioClassDevice.o
 .text.Audio_Device_ProcessControlRequest
                0x0000000000000000      0x2e0 obj/AudioClassDevice.o
 .debug_info    0x0000000000000000      0x8eb obj/AudioClassDevice.o
 .debug_abbrev  0x0000000000000000      0x251 obj/AudioClassDevice.o
 .debug_loc     0x0000000000000000      0x311 obj/AudioClassDevice.o
 .debug_aranges
                0x0000000000000000       0x30 obj/AudioClassDevice.o
 .debug_ranges  0x0000000000000000       0x58 obj/AudioClassDevice.o
 .debug_line    0x0000000000000000      0x43e obj/AudioClassDevice.o
 .debug_str     0x0000000000000000      0x764 obj/AudioClassDevice.o
 .comment       0x0000000000000000       0x12 obj/AudioClassDevice.o
 .debug_frame   0x0000000000000000       0xa8 obj/AudioClassDevice.o
 .text          0x0000000000000000        0x0 obj/CDCClassDevice.o
 .data          0x0000000000000000        0x0 obj/CDCClassDevice.o
 .bss           0x0000000000000000        0x0 obj/CDCClassDevice.o
 .text.CDC_Device_ConfigureEndpoints
                0x0000000000000000       0x50 obj/CDCClassDevice.o
 .text.CDC_Device_SendString
                0x0000000000000000       0x42 obj/CDCClassDevice.o
 .text.CDC_Device_SendString_P
                0x0000000000000000       0x46 obj/CDCClassDevice.o
 .text.CDC_Device_SendData
                0x0000000000000000       0x34 obj/CDCClassDevice.o
 .text.CDC_Device_SendData_P
                0x0000000000000000       0x34 obj/CDCClassDevice.o
 .text.CDC_Device_SendByte
                0x0000000000000000       0x50 obj/CDCClassDevice.o
 .text.CDC_Device_putchar
                0x0000000000000000       0x22 obj/CDCClassDevice.o
 .text.CDC_Device_Flush
                0x0000000000000000       0x62 obj/CDCClassDevice.o
 .text.CDC_Device_USBTask
                0x0000000000000000       0x2e obj/CDCClassDevice.o
 .text.CDC_Device_BytesReceived
                0x0000000000000000       0x5e obj/CDCClassDevice.o
 .text.CDC_Device_ReceiveByte
                0x0000000000000000       0x6c obj/CDCClassDevice.o
 .text.CDC_Device_getchar
                0x0000000000000000       0x14 obj/CDCClassDevice.o
 .text.CDC_Device_getchar_Blocking
                0x0000000000000000       0x34 obj/CDCClassDevice.o
 .rodata        0x0000000000000000        0x8 obj/CDCClassDevice.o
 .text.CDC_Device_SendControlLineStateChange
                0x0000000000000000       0x8e obj/CDCClassDevice.o
 .text.CDC_Device_CreateStream
                0x0000000000000000       0x26 obj/CDCClassDevice.o
 .text.CDC_Device_CreateBlockingStream
                0x0000000000000000       0x26 obj/CDCClassDevice.o
 .text.CDC_Device_Event_Stub
                0x0000000000000000        0x2 obj/CDCClassDevice.o
 .text.CDC_Device_ProcessControlRequest
                0x0000000000000000      0x164 obj/CDCClassDevice.o
 .debug_info    0x0000000000000000     0x1014 obj/CDCClassDevice.o
 .debug_abbrev  0x0000000000000000      0x43f obj/CDCClassDevice.o
 .debug_loc     0x0000000000000000      0x9e5 obj/CDCClassDevice.o
 .debug_aranges
                0x0000000000000000       0xa8 obj/CDCClassDevice.o
 .debug_ranges  0x0000000000000000       0x98 obj/CDCClassDevice.o
 .debug_line    0x0000000000000000      0x8c5 obj/CDCClassDevice.o
 .debug_str     0x0000000000000000      0xb03 obj/CDCClassDevice.o
 .comment       0x0000000000000000       0x12 obj/CDCClassDevice.o
 .debug_frame   0x0000000000000000      0x188 obj/CDCClassDevice.o
 .text          0x0000000000000000        0x0 obj/HIDClassDevice.o
 .data          0x0000000000000000        0x0 obj/HIDClassDevice.o
 .bss           0x0000000000000000        0x0 obj/HIDClassDevice.o
 .text.HID_Device_ProcessControlRequest
                0x0000000000000000      0x274 obj/HIDClassDevice.o
 .text.HID_Device_ConfigureEndpoints
                0x0000000000000000       0x28 obj/HIDClassDevice.o
 .text.HID_Device_USBTask
                0x0000000000000000      0x17a obj/HIDClassDevice.o
 .debug_info    0x0000000000000000      0x9f5 obj/HIDClassDevice.o
 .debug_abbrev  0x0000000000000000      0x28e obj/HIDClassDevice.o
 .debug_loc     0x0000000000000000      0x3ea obj/HIDClassDevice.o
 .debug_aranges
                0x0000000000000000       0x30 obj/HIDClassDevice.o
 .debug_ranges  0x0000000000000000       0x38 obj/HIDClassDevice.o
 .debug_line    0x0000000000000000      0x525 obj/HIDClassDevice.o
 .debug_str     0x0000000000000000      0x7d1 obj/HIDClassDevice.o
 .comment       0x0000000000000000       0x12 obj/HIDClassDevice.o
 .debug_frame   0x0000000000000000       0xe4 obj/HIDClassDevice.o
 .text          0x0000000000000000        0x0 obj/MassStorageClassDevice.o
 .data          0x0000000000000000        0x0 obj/MassStorageClassDevice.o
 .bss           0x0000000000000000        0x0 obj/MassStorageClassDevice.o
 .text.MS_Device_ProcessControlRequest
                0x0000000000000000       0x7e obj/MassStorageClassDevice.o
 .text.MS_Device_ConfigureEndpoints
                0x0000000000000000       0x3e obj/MassStorageClassDevice.o
 .text.MS_Device_USBTask
                0x0000000000000000      0x23a obj/MassStorageClassDevice.o
 .debug_info    0x0000000000000000      0xa09 obj/MassStorageClassDevice.o
 .debug_abbrev  0x0000000000000000      0x2c9 obj/MassStorageClassDevice.o
 .debug_loc     0x0000000000000000      0x2e3 obj/MassStorageClassDevice.o
 .debug_aranges
                0x0000000000000000       0x30 obj/MassStorageClassDevice.o
 .debug_ranges  0x0000000000000000       0x70 obj/MassStorageClassDevice.o
 .debug_line    0x0000000000000000      0x49a obj/MassStorageClassDevice.o
 .debug_str     0x0000000000000000      0x8b0 obj/MassStorageClassDevice.o
 .comment       0x0000000000000000       0x12 obj/MassStorageClassDevice.o
 .debug_frame   0x0000000000000000       0x80 obj/MassStorageClassDevice.o
 .text          0x0000000000000000        0x0 obj/MIDIClassDevice.o
 .data          0x0000000000000000        0x0 obj/MIDIClassDevice.o
 .bss           0x0000000000000000        0x0 obj/MIDIClassDevice.o
 .text.MIDI_Device_ConfigureEndpoints
                0x0000000000000000       0x32 obj/MIDIClassDevice.o
 .text.MIDI_Device_SendEventPacket
                0x0000000000000000       0x3e obj/MIDIClassDevice.o
 .text.MIDI_Device_Flush
                0x0000000000000000       0x3a obj/MIDIClassDevice.o
 .text.MIDI_Device_USBTask
                0x0000000000000000       0x22 obj/MIDIClassDevice.o
 .text.MIDI_Device_ReceiveEventPacket
                0x0000000000000000       0x4c obj/MIDIClassDevice.o
 .debug_info    0x0000000000000000      0x74f obj/MIDIClassDevice.o
 .debug_abbrev  0x0000000000000000      0x282 obj/MIDIClassDevice.o
 .debug_loc     0x0000000000000000      0x2e6 obj/MIDIClassDevice.o
 .debug_aranges
                0x0000000000000000       0x40 obj/MIDIClassDevice.o
 .debug_ranges  0x0000000000000000       0x30 obj/MIDIClassDevice.o
 .debug_line    0x0000000000000000      0x39a obj/MIDIClassDevice.o
 .debug_str     0x0000000000000000      0x77a obj/MIDIClassDevice.o
 .comment       0x0000000000000000       0x12 obj/MIDIClassDevice.o
 .debug_frame   0x0000000000000000       0x70 obj/MIDIClassDevice.o
 .text          0x0000000000000000        0x0 obj/PrinterClassDevice.o
 .data          0x0000000000000000        0x0 obj/PrinterClassDevice.o
 .bss           0x0000000000000000        0x0 obj/PrinterClassDevice.o
 .text.PRNT_Device_ConfigureEndpoints
                0x0000000000000000       0x38 obj/PrinterClassDevice.o
 .text.PRNT_Device_SendString
                0x0000000000000000       0x32 obj/PrinterClassDevice.o
 .text.PRNT_Device_SendData
                0x0000000000000000       0x24 obj/PrinterClassDevice.o
 .text.PRNT_Device_SendByte
                0x0000000000000000       0x40 obj/PrinterClassDevice.o
 .text.PRNT_Device_putchar
                0x0000000000000000       0x22 obj/PrinterClassDevice.o
 .text.PRNT_Device_Flush
                0x0000000000000000       0x52 obj/PrinterClassDevice.o
 .text.PRNT_Device_USBTask
                0x0000000000000000       0x9c obj/PrinterClassDevice.o
 .text.PRNT_Device_BytesReceived
                0x0000000000000000       0x4e obj/PrinterClassDevice.o
 .text.PRNT_Device_ReceiveByte
                0x0000000000000000       0x5c obj/PrinterClassDevice.o
 .text.PRNT_Device_getchar
                0x0000000000000000       0x14 obj/PrinterClassDevice.o
 .text.PRNT_Device_getchar_Blocking
                0x0000000000000000       0x34 obj/PrinterClassDevice.o
 .text.PRNT_Device_CreateStream
                0x0000000000000000       0x26 obj/PrinterClassDevice.o
 .text.PRNT_Device_CreateBlockingStream
                0x0000000000000000       0x26 obj/PrinterClassDevice.o
 .text.PRNT_Device_Event_Stub
                0x0000000000000000        0x2 obj/PrinterClassDevice.o
 .text.PRNT_Device_ProcessControlRequest
                0x0000000000000000       0xd8 obj/PrinterClassDevice.o
 .debug_info    0x0000000000000000      0xcfb obj/PrinterClassDevice.o
 .debug_abbrev  0x0000000000000000      0x347 obj/PrinterClassDevice.o
 .debug_loc     0x0000000000000000      0x847 obj/PrinterClassDevice.o
 .debug_aranges
                0x0000000000000000       0x90 obj/PrinterClassDevice.o
 .debug_ranges  0x0000000000000000       0x98 obj/PrinterClassDevice.o
 .debug_line    0x0000000000000000      0x6ad obj/PrinterClassDevice.o
 .debug_str     0x0000000000000000      0x9d5 obj/PrinterClassDevice.o
 .comment       0x0000000000000000       0x12 obj/PrinterClassDevice.o
 .debug_frame   0x0000000000000000      0x13c obj/PrinterClassDevice.o
 .text          0x0000000000000000        0x0 obj/RNDISClassDevice.o
 .data          0x0000000000000000        0x0 obj/RNDISClassDevice.o
 .bss           0x0000000000000000        0x0 obj/RNDISClassDevice.o
 .text.RNDIS_Device_ProcessControlRequest
                0x0000000000000000      0x4ee obj/RNDISClassDevice.o
 .text.RNDIS_Device_ConfigureEndpoints
                0x0000000000000000       0x62 obj/RNDISClassDevice.o
 .rodata        0x0000000000000000        0x8 obj/RNDISClassDevice.o
 .text.RNDIS_Device_USBTask
                0x0000000000000000       0x80 obj/RNDISClassDevice.o
 .text.RNDIS_Device_IsPacketReceived
                0x0000000000000000       0x28 obj/RNDISClassDevice.o
 .text.RNDIS_Device_ReadPacket
                0x0000000000000000       0xb6 obj/RNDISClassDevice.o
 .text.RNDIS_Device_SendPacket
                0x0000000000000000       0xe2 obj/RNDISClassDevice.o
 .progmem.data  0x0000000000000000       0x6c obj/RNDISClassDevice.o
 .debug_info    0x0000000000000000     0x11c8 obj/RNDISClassDevice.o
 .debug_abbrev  0x0000000000000000      0x395 obj/RNDISClassDevice.o
 .debug_loc     0x0000000000000000      0xeb6 obj/RNDISClassDevice.o
 .debug_aranges
                0x0000000000000000       0x48 obj/RNDISClassDevice.o
 .debug_ranges  0x0000000000000000       0x88 obj/RNDISClassDevice.o
 .debug_line    0x0000000000000000      0x6a6 obj/RNDISClassDevice.o
 .debug_str     0x0000000000000000      0xe30 obj/RNDISClassDevice.o
 .comment       0x0000000000000000       0x12 obj/RNDISClassDevice.o
 .debug_frame   0x0000000000000000      0x114 obj/RNDISClassDevice.o
 .text          0x0000000000000000        0x0 obj/AndroidAccessoryClassHost.o
 .data          0x0000000000000000        0x0 obj/AndroidAccessoryClassHost.o
 .bss           0x0000000000000000        0x0 obj/AndroidAccessoryClassHost.o
 .debug_info    0x0000000000000000       0x56 obj/AndroidAccessoryClassHost.o
 .debug_abbrev  0x0000000000000000       0x26 obj/AndroidAccessoryClassHost.o
 .debug_aranges
                0x0000000000000000       0x18 obj/AndroidAccessoryClassHost.o
 .debug_line    0x0000000000000000       0x1d obj/AndroidAccessoryClassHost.o
 .debug_str     0x0000000000000000      0x1b0 obj/AndroidAccessoryClassHost.o
 .comment       0x0000000000000000       0x12 obj/AndroidAccessoryClassHost.o
 .text          0x0000000000000000        0x0 obj/AudioClassHost.o
 .data          0x0000000000000000        0x0 obj/AudioClassHost.o
 .bss           0x0000000000000000        0x0 obj/AudioClassHost.o
 .debug_info    0x0000000000000000       0x56 obj/AudioClassHost.o
 .debug_abbrev  0x0000000000000000       0x26 obj/AudioClassHost.o
 .debug_aranges
                0x0000000000000000       0x18 obj/AudioClassHost.o
 .debug_line    0x0000000000000000       0x1d obj/AudioClassHost.o
 .debug_str     0x0000000000000000      0x1a5 obj/AudioClassHost.o
 .comment       0x0000000000000000       0x12 obj/AudioClassHost.o
 .text          0x0000000000000000        0x0 obj/CDCClassHost.o
 .data          0x0000000000000000        0x0 obj/CDCClassHost.o
 .bss           0x0000000000000000        0x0 obj/CDCClassHost.o
 .debug_info    0x0000000000000000       0x56 obj/CDCClassHost.o
 .debug_abbrev  0x0000000000000000       0x26 obj/CDCClassHost.o
 .debug_aranges
                0x0000000000000000       0x18 obj/CDCClassHost.o
 .debug_line    0x0000000000000000       0x1d obj/CDCClassHost.o
 .debug_str     0x0000000000000000      0x1a3 obj/CDCClassHost.o
 .comment       0x0000000000000000       0x12 obj/CDCClassHost.o
 .text          0x0000000000000000        0x0 obj/HIDClassHost.o
 .data          0x0000000000000000        0x0 obj/HIDClassHost.o
 .bss           0x0000000000000000        0x0 obj/HIDClassHost.o
 .debug_info    0x0000000000000000       0x56 obj/HIDClassHost.o
 .debug_abbrev  0x0000000000000000       0x26 obj/HIDClassHost.o
 .debug_aranges
                0x0000000000000000       0x18 obj/HIDClassHost.o
 .debug_line    0x0000000000000000       0x1d obj/HIDClassHost.o
 .debug_str     0x0000000000000000      0x1a3 obj/HIDClassHost.o
 .comment       0x0000000000000000       0x12 obj/HIDClassHost.o
 .text          0x0000000000000000        0x0 obj/MassStorageClassHost.o
 .data          0x0000000000000000        0x0 obj/MassStorageClassHost.o
 .bss           0x0000000000000000        0x0 obj/MassStorageClassHost.o
 .debug_info    0x0000000000000000       0x56 obj/MassStorageClassHost.o
 .debug_abbrev  0x0000000000000000       0x26 obj/MassStorageClassHost.o
 .debug_aranges
                0x0000000000000000       0x18 obj/MassStorageClassHost.o
 .debug_line    0x0000000000000000       0x1d obj/MassStorageClassHost.o
 .debug_str     0x0000000000000000      0x1ab obj/MassStorageClassHost.o
 .comment       0x0000000000000000       0x12 obj/MassStorageClassHost.o
 .text          0x0000000000000000        0x0 obj/MIDIClassHost.o
 .data          0x0000000000000000        0x0 obj/MIDIClassHost.o
 .bss           0x0000000000000000        0x0 obj/MIDIClassHost.o
 .debug_info    0x0000000000000000       0x56 obj/MIDIClassHost.o
 .debug_abbrev  0x0000000000000000       0x26 obj/MIDIClassHost.o
 .debug_aranges
                0x0000000000000000       0x18 obj/MIDIClassHost.o
 .debug_line    0x0000000000000000       0x1d obj/MIDIClassHost.o
 .debug_str     0x0000000000000000      0x1a4 obj/MIDIClassHost.o
 .comment       0x0000000000000000       0x12 obj/MIDIClassHost.o
 .text          0x0000000000000000        0x0 obj/PrinterClassHost.o
 .data          0x0000000000000000        0x0 obj/PrinterClassHost.o
 .bss           0x0000000000000000        0x0 obj/PrinterClassHost.o
 .debug_info    0x0000000000000000       0x56 obj/PrinterClassHost.o
 .debug_abbrev  0x0000000000000000       0x26 obj/PrinterClassHost.o
 .debug_aranges
                0x0000000000000000       0x18 obj/PrinterClassHost.o
 .debug_line    0x0000000000000000       0x1d obj/PrinterClassHost.o
 .debug_str     0x0000000000000000      0x1a7 obj/PrinterClassHost.o
 .comment       0x0000000000000000       0x12 obj/PrinterClassHost.o
 .text          0x0000000000000000        0x0 obj/RNDISClassHost.o
 .data          0x0000000000000000        0x0 obj/RNDISClassHost.o
 .bss           0x0000000000000000        0x0 obj/RNDISClassHost.o
 .debug_info    0x0000000000000000       0x56 obj/RNDISClassHost.o
 .debug_abbrev  0x0000000000000000       0x26 obj/RNDISClassHost.o
 .debug_aranges
                0x0000000000000000       0x18 obj/RNDISClassHost.o
 .debug_line    0x0000000000000000       0x1d obj/RNDISClassHost.o
 .debug_str     0x0000000000000000      0x1a5 obj/RNDISClassHost.o
 .comment       0x0000000000000000       0x12 obj/RNDISClassHost.o
 .text          0x0000000000000000        0x0 obj/StillImageClassHost.o
 .data          0x0000000000000000        0x0 obj/StillImageClassHost.o
 .bss           0x0000000000000000        0x0 obj/StillImageClassHost.o
 .debug_info    0x0000000000000000       0x56 obj/StillImageClassHost.o
 .debug_abbrev  0x0000000000000000       0x26 obj/StillImageClassHost.o
 .debug_aranges
                0x0000000000000000       0x18 obj/StillImageClassHost.o
 .debug_line    0x0000000000000000       0x1d obj/StillImageClassHost.o
 .debug_str     0x0000000000000000      0x1aa obj/StillImageClassHost.o
 .comment       0x0000000000000000       0x12 obj/StillImageClassHost.o
 .text          0x0000000000000000        0x0 /usr/lib/gcc/avr/7.2.0/avr5/libgcc.a(_exit.o)
 .data          0x0000000000000000        0x0 /usr/lib/gcc/avr/7.2.0/avr5/libgcc.a(_exit.o)
 .bss           0x0000000000000000        0x0 /usr/lib/gcc/avr/7.2.0/avr5/libgcc.a(_exit.o)
 .text.libgcc.mul
                0x0000000000000000        0x0 /usr/lib/gcc/avr/7.2.0/avr5/libgcc.a(_exit.o)
 .text.libgcc.div
                0x0000000000000000        0x0 /usr/lib/gcc/avr/7.2.0/avr5/libgcc.a(_exit.o)
 .text.libgcc   0x0000000000000000        0x0 /usr/lib/gcc/avr/7.2.0/avr5/libgcc.a(_exit.o)
 .text.libgcc.prologue
                0x0000000000000000        0x0 /usr/lib/gcc/avr/7.2.0/avr5/libgcc.a(_exit.o)
 .text.libgcc.builtins
                0x0000000000000000        0x0 /usr/lib/gcc/avr/7.2.0/avr5/libgcc.a(_exit.o)
 .text.libgcc.fmul
                0x0000000000000000        0x0 /usr/lib/gcc/avr/7.2.0/avr5/libgcc.a(_exit.o)
 .text.libgcc.fixed
                0x0000000000000000        0x0 /usr/lib/gcc/avr/7.2.0/avr5/libgcc.a(_exit.o)
 .text          0x0000000000000000        0x0 /usr/lib/gcc/avr/7.2.0/avr5/libgcc.a(_copy_data.o)
 .data          0x0000000000000000        0x0 /usr/lib/gcc/avr/7.2.0/avr5/libgcc.a(_copy_data.o)
 .bss           0x0000000000000000        0x0 /usr/lib/gcc/avr/7.2.0/avr5/libgcc.a(_copy_data.o)
 .text.libgcc.mul
                0x0000000000000000        0x0 /usr/lib/gcc/avr/7.2.0/avr5/libgcc.a(_copy_data.o)
 .text.libgcc.div
                0x0000000000000000        0x0 /usr/lib/gcc/avr/7.2.0/avr5/libgcc.a(_copy_data.o)
 .text.libgcc   0x0000000000000000        0x0 /usr/lib/gcc/avr/7.2.0/avr5/libgcc.a(_copy_data.o)
 .text.libgcc.prologue
                0x0000000000000000        0x0 /usr/lib/gcc/avr/7.2.0/avr5/libgcc.a(_copy_data.o)
 .text.libgcc.builtins
                0x0000000000000000        0x0 /usr/lib/gcc/avr/7.2.0/avr5/libgcc.a(_copy_data.o)
 .text.libgcc.fmul
                0x0000000000000000        0x0 /usr/lib/gcc/avr/7.2.0/avr5/libgcc.a(_copy_data.o)
 .text.libgcc.fixed
                0x0000000000000000        0x0 /usr/lib/gcc/avr/7.2.0/avr5/libgcc.a(_copy_data.o)
 .text          0x0000000000000000        0x0 /usr/lib/gcc/avr/7.2.0/avr5/libgcc.a(_clear_bss.o)
 .data          0x0000000000000000        0x0 /usr/lib/gcc/avr/7.2.0/avr5/libgcc.a(_clear_bss.o)
 .bss           0x0000000000000000        0x0 /usr/lib/gcc/avr/7.2.0/avr5/libgcc.a(_clear_bss.o)
 .text.libgcc.mul
                0x0000000000000000        0x0 /usr/lib/gcc/avr/7.2.0/avr5/libgcc.a(_clear_bss.o)
 .text.libgcc.div
                0x0000000000000000        0x0 /usr/lib/gcc/avr/7.2.0/avr5/libgcc.a(_clear_bss.o)
 .text.libgcc   0x0000000000000000        0x0 /usr/lib/gcc/avr/7.2.0/avr5/libgcc.a(_clear_bss.o)
 .text.libgcc.prologue
                0x0000000000000000        0x0 /usr/lib/gcc/avr/7.2.0/avr5/libgcc.a(_clear_bss.o)
 .text.libgcc.builtins
                0x0000000000000000        0x0 /usr/lib/gcc/avr/7.2.0/avr5/libgcc.a(_clear_bss.o)
 .text.libgcc.fmul
                0x0000000000000000        0x0 /usr/lib/gcc/avr/7.2.0/avr5/libgcc.a(_clear_bss.o)
 .text.libgcc.fixed
                0x0000000000000000        0x0 /usr/lib/gcc/avr/7.2.0/avr5/libgcc.a(_clear_bss.o)
 .text          0x0000000000000000        0x0 /usr/lib/gcc/avr/7.2.0/../../../../avr/lib/avr5/libc.a(memcpy_P.o)
 .data          0x0000000000000000        0x0 /usr/lib/gcc/avr/7.2.0/../../../../avr/lib/avr5/libc.a(memcpy_P.o)
 .bss           0x0000000000000000        0x0 /usr/lib/gcc/avr/7.2.0/../../../../avr/lib/avr5/libc.a(memcpy_P.o)
 .text.avr-libc
                0x0000000000000000       0x12 /usr/lib/gcc/avr/7.2.0/../../../../avr/lib/avr5/libc.a(memcpy_P.o)
 .text          0x0000000000000000        0x0 /usr/lib/gcc/avr/7.2.0/../../../../avr/lib/avr5/libc.a(strlen_P.o)
 .data          0x0000000000000000        0x0 /usr/lib/gcc/avr/7.2.0/../../../../avr/lib/avr5/libc.a(strlen_P.o)
 .bss           0x0000000000000000        0x0 /usr/lib/gcc/avr/7.2.0/../../../../avr/lib/avr5/libc.a(strlen_P.o)
 .text.avr-libc
                0x0000000000000000       0x12 /usr/lib/gcc/avr/7.2.0/../../../../avr/lib/avr5/libc.a(strlen_P.o)
 .text          0x0000000000000000        0x0 /usr/lib/gcc/avr/7.2.0/../../../../avr/lib/avr5/libc.a(memcmp.o)
 .data          0x0000000000000000        0x0 /usr/lib/gcc/avr/7.2.0/../../../../avr/lib/avr5/libc.a(memcmp.o)
 .bss           0x0000000000000000        0x0 /usr/lib/gcc/avr/7.2.0/../../../../avr/lib/avr5/libc.a(memcmp.o)
 .text.avr-libc
                0x0000000000000000       0x1a /usr/lib/gcc/avr/7.2.0/../../../../avr/lib/avr5/libc.a(memcmp.o)
 .text          0x0000000000000000        0x0 /usr/lib/gcc/avr/7.2.0/../../../../avr/lib/avr5/libc.a(memcpy.o)
 .data          0x0000000000000000        0x0 /usr/lib/gcc/avr/7.2.0/../../../../avr/lib/avr5/libc.a(memcpy.o)
 .bss           0x0000000000000000        0x0 /usr/lib/gcc/avr/7.2.0/../../../../avr/lib/avr5/libc.a(memcpy.o)
 .text.avr-libc
                0x0000000000000000       0x12 /usr/lib/gcc/avr/7.2.0/../../../../avr/lib/avr5/libc.a(memcpy.o)
 .text          0x0000000000000000        0x0 /usr/lib/gcc/avr/7.2.0/../../../../avr/lib/avr5/libc.a(memset.o)
 .data          0x0000000000000000        0x0 /usr/lib/gcc/avr/7.2.0/../../../../avr/lib/avr5/libc.a(memset.o)
 .bss           0x0000000000000000        0x0 /usr/lib/gcc/avr/7.2.0/../../../../avr/lib/avr5/libc.a(memset.o)
 .text.avr-libc
                0x0000000000000000        0xe /usr/lib/gcc/avr/7.2.0/../../../../avr/lib/avr5/libc.a(memset.o)
 .text          0x0000000000000000        0x0 /usr/lib/gcc/avr/7.2.0/../../../../avr/lib/avr5/libatmega32u4.a(eerd_byte.o)
 .data          0x0000000000000000        0x0 /usr/lib/gcc/avr/7.2.0/../../../../avr/lib/avr5/libatmega32u4.a(eerd_byte.o)
 .bss           0x0000000000000000        0x0 /usr/lib/gcc/avr/7.2.0/../../../../avr/lib/avr5/libatmega32u4.a(eerd_byte.o)
 .text.avr-libc
                0x0000000000000000       0x10 /usr/lib/gcc/avr/7.2.0/../../../../avr/lib/avr5/libatmega32u4.a(eerd_byte.o)
 .text          0x0000000000000000        0x0 /usr/lib/gcc/avr/7.2.0/../../../../avr/lib/avr5/libatmega32u4.a(eeupd_byte.o)
 .data          0x0000000000000000        0x0 /usr/lib/gcc/avr/7.2.0/../../../../avr/lib/avr5/libatmega32u4.a(eeupd_byte.o)
 .bss           0x0000000000000000        0x0 /usr/lib/gcc/avr/7.2.0/../../../../avr/lib/avr5/libatmega32u4.a(eeupd_byte.o)
 .text.avr-libc
                0x0000000000000000       0x24 /usr/lib/gcc/avr/7.2.0/../../../../avr/lib/avr5/libatmega32u4.a(eeupd_byte.o)

Memory Configuration

Name             Origin             Length             Attributes
text             0x0000000000000000 0x0000000000020000 xr
data             0x0000000000800060 0x000000000000ffa0 rw !x
eeprom           0x0000000000810000 0x0000000000010000 rw !x
fuse             0x0000000000820000 0x0000000000000400 rw !x
lock             0x0000000000830000 0x0000000000000400 rw !x
signature        0x0000000000840000 0x0000000000000400 rw !x
user_signatures  0x0000000000850000 0x0000000000000400 rw !x
*default*        0x0000000000000000 0xffffffffffffffff

Linker script and memory map

Address of section .data set to 0x800100
LOAD /usr/lib/gcc/avr/7.2.0/../../../../avr/lib/avr5/crtatmega32u4.o
LOAD obj/pointer.o
LOAD obj/usb.o
LOAD obj/spi.o
LOAD obj/Descriptors.o
LOAD obj/HIDParser.o
LOAD obj/Device_AVR8.o
LOAD obj/EndpointStream_AVR8.o
LOAD obj/Endpoint_AVR8.o
LOAD obj/Host_AVR8.o
LOAD obj/PipeStream_AVR8.o
LOAD obj/Pipe_AVR8.o
LOAD obj/USBController_AVR8.o
LOAD obj/USBInterrupt_AVR8.o
LOAD obj/ConfigDescriptors.o
LOAD obj/DeviceStandardReq.o
LOAD obj/Events.o
LOAD obj/HostStandardReq.o
LOAD obj/USBTask.o
LOAD obj/AudioClassDevice.o
LOAD obj/CDCClassDevice.o
LOAD obj/HIDClassDevice.o
LOAD obj/MassStorageClassDevice.o
LOAD obj/MIDIClassDevice.o
LOAD obj/PrinterClassDevice.o
LOAD obj/RNDISClassDevice.o
LOAD obj/AndroidAccessoryClassHost.o
LOAD obj/AudioClassHost.o
LOAD obj/CDCClassHost.o
LOAD obj/HIDClassHost.o
LOAD obj/MassStorageClassHost.o
LOAD obj/MIDIClassHost.o
LOAD obj/PrinterClassHost.o
LOAD obj/RNDISClassHost.o
LOAD obj/StillImageClassHost.o
LOAD /usr/lib/gcc/avr/7.2.0/../../../../avr/lib/avr5/libm.a
START GROUP
LOAD /usr/lib/gcc/avr/7.2.0/avr5/libgcc.a
LOAD /usr/lib/gcc/avr/7.2.0/../../../../avr/lib/avr5/libm.a
LOAD /usr/lib/gcc/avr/7.2.0/../../../../avr/lib/avr5/libc.a
LOAD /usr/lib/gcc/avr/7.2.0/../../../../avr/lib/avr5/libatmega32u4.a
END GROUP
                0x0000000000020000                __TEXT_REGION_LENGTH__ = DEFINED (__TEXT_REGION_LENGTH__)?__TEXT_REGION_LENGTH__:0x20000
                0x000000000000ffa0                __DATA_REGION_LENGTH__ = DEFINED (__DATA_REGION_LENGTH__)?__DATA_REGION_LENGTH__:0xffa0
                0x0000000000010000                __EEPROM_REGION_LENGTH__ = DEFINED (__EEPROM_REGION_LENGTH__)?__EEPROM_REGION_LENGTH__:0x10000
                0x0000000000000400                __FUSE_REGION_LENGTH__ = DEFINED (__FUSE_REGION_LENGTH__)?__FUSE_REGION_LENGTH__:0x400
                0x0000000000000400                __LOCK_REGION_LENGTH__ = DEFINED (__LOCK_REGION_LENGTH__)?__LOCK_REGION_LENGTH__:0x400
                0x0000000000000400                __SIGNATURE_REGION_LENGTH__ = DEFINED (__SIGNATURE_REGION_LENGTH__)?__SIGNATURE_REGION_LENGTH__:0x400
                0x0000000000000400                __USER_SIGNATURE_REGION_LENGTH__ = DEFINED (__USER_SIGNATURE_REGION_LENGTH__)?__USER_SIGNATURE_REGION_LENGTH__:0x400

.hash
 *(.hash)

.dynsym
 *(.dynsym)

.dynstr
 *(.dynstr)

.gnu.version
 *(.gnu.version)

.gnu.version_d
 *(.gnu.version_d)

.gnu.version_r
 *(.gnu.version_r)

.rel.init
 *(.rel.init)

.rela.init
 *(.rela.init)

.rel.text
 *(.rel.text)
 *(.rel.text.*)
 *(.rel.gnu.linkonce.t*)

.rela.text
 *(.rela.text)
 *(.rela.text.*)
 *(.rela.gnu.linkonce.t*)

.rel.fini
 *(.rel.fini)

.rela.fini
 *(.rela.fini)

.rel.rodata
 *(.rel.rodata)
 *(.rel.rodata.*)
 *(.rel.gnu.linkonce.r*)

.rela.rodata
 *(.rela.rodata)
 *(.rela.rodata.*)
 *(.rela.gnu.linkonce.r*)

.rel.data
 *(.rel.data)
 *(.rel.data.*)
 *(.rel.gnu.linkonce.d*)

.rela.data
 *(.rela.data)
 *(.rela.data.*)
 *(.rela.gnu.linkonce.d*)

.rel.ctors
 *(.rel.ctors)

.rela.ctors
 *(.rela.ctors)

.rel.dtors
 *(.rel.dtors)

.rela.dtors
 *(.rela.dtors)

.rel.got
 *(.rel.got)

.rela.got
 *(.rela.got)

.rel.bss
 *(.rel.bss)

.rela.bss
 *(.rela.bss)

.rel.plt
 *(.rel.plt)

.rela.plt
 *(.rela.plt)

.text           0x0000000000000000      0xf42
 *(.vectors)
 .vectors       0x0000000000000000       0xac /usr/lib/gcc/avr/7.2.0/../../../../avr/lib/avr5/crtatmega32u4.o
                0x0000000000000000                __vectors
                0x0000000000000000                __vector_default
 *(.vectors)
 *(.progmem.gcc*)
                0x00000000000000ac                . = ALIGN (0x2)
                0x00000000000000ac                __trampolines_start = .
 *(.trampolines)
 .trampolines   0x00000000000000ac        0x0 linker stubs
 *(.trampolines*)
                0x00000000000000ac                __trampolines_end = .
 *libprintf_flt.a:*(.progmem.data)
 *libc.a:*(.progmem.data)
 *(.progmem*)
 .progmem.data  0x00000000000000ac      0x149 obj/Descriptors.o
                0x00000000000000ac                ProductString
                0x00000000000000d2                ManufacturerString
                0x00000000000000ee                LanguageString
                0x00000000000000f2                ConfigurationDescriptor
                0x0000000000000169                DeviceDescriptor
                0x000000000000017b                MouseReport
                0x00000000000001b5                KeyboardReport
                0x00000000000001f6                . = ALIGN (0x2)
 *fill*         0x00000000000001f5        0x1 
 *(.lowtext)
 *(.lowtext*)
                0x00000000000001f6                __ctors_start = .
 *(.ctors)
                0x00000000000001f6                __ctors_end = .
                0x00000000000001f6                __dtors_start = .
 *(.dtors)
                0x00000000000001f6                __dtors_end = .
 SORT(*)(.ctors)
 SORT(*)(.dtors)
 *(.init0)
 .init0         0x00000000000001f6        0x0 /usr/lib/gcc/avr/7.2.0/../../../../avr/lib/avr5/crtatmega32u4.o
                0x00000000000001f6                __init
 *(.init0)
 *(.init1)
 *(.init1)
 *(.init2)
 .init2         0x00000000000001f6        0xc /usr/lib/gcc/avr/7.2.0/../../../../avr/lib/avr5/crtatmega32u4.o
 *(.init2)
 *(.init3)
 *(.init3)
 *(.init4)
 .init4         0x0000000000000202       0x16 /usr/lib/gcc/avr/7.2.0/avr5/libgcc.a(_copy_data.o)
                0x0000000000000202                __do_copy_data
 .init4         0x0000000000000218       0x10 /usr/lib/gcc/avr/7.2.0/avr5/libgcc.a(_clear_bss.o)
                0x0000000000000218                __do_clear_bss
 *(.init4)
 *(.init5)
 *(.init5)
 *(.init6)
 *(.init6)
 *(.init7)
 *(.init7)
 *(.init8)
 *(.init8)
 *(.init9)
 .init9         0x0000000000000228        0x4 /usr/lib/gcc/avr/7.2.0/../../../../avr/lib/avr5/crtatmega32u4.o
 *(.init9)
 *(.text)
 .text          0x000000000000022c        0x2 /usr/lib/gcc/avr/7.2.0/../../../../avr/lib/avr5/crtatmega32u4.o
                0x000000000000022c                __vector_38
                0x000000000000022c                __vector_22
                0x000000000000022c                __vector_28
                0x000000000000022c                __vector_1
                0x000000000000022c                __vector_32
                0x000000000000022c                __vector_34
                0x000000000000022c                __vector_24
                0x000000000000022c                __vector_12
                0x000000000000022c                __bad_interrupt
                0x000000000000022c                __vector_6
                0x000000000000022c                __vector_31
                0x000000000000022c                __vector_35
                0x000000000000022c                __vector_39
                0x000000000000022c                __vector_3
                0x000000000000022c                __vector_23
                0x000000000000022c                __vector_30
                0x000000000000022c                __vector_25
                0x000000000000022c                __vector_13
                0x000000000000022c                __vector_17
                0x000000000000022c                __vector_19
                0x000000000000022c                __vector_7
                0x000000000000022c                __vector_41
                0x000000000000022c                __vector_27
                0x000000000000022c                __vector_5
                0x000000000000022c                __vector_33
                0x000000000000022c                __vector_37
                0x000000000000022c                __vector_4
                0x000000000000022c                __vector_9
                0x000000000000022c                __vector_2
                0x000000000000022c                __vector_21
                0x000000000000022c                __vector_15
                0x000000000000022c                __vector_36
                0x000000000000022c                __vector_29
                0x000000000000022c                __vector_40
                0x000000000000022c                __vector_8
                0x000000000000022c                __vector_26
                0x000000000000022c                __vector_14
                0x000000000000022c                __vector_16
                0x000000000000022c                __vector_18
                0x000000000000022c                __vector_20
                0x000000000000022c                __vector_42
                0x000000000000022e                . = ALIGN (0x2)
 *(.text.*)
 .text.startup.main
                0x000000000000022e       0x26 obj/pointer.o
                0x000000000000022e                main
 .text.EVENT_USB_Device_Connect
                0x0000000000000254        0x2 obj/usb.o
                0x0000000000000254                EVENT_USB_Device_Connect
 .text.EVENT_USB_Device_Disconnect
                0x0000000000000256        0x2 obj/usb.o
                0x0000000000000256                EVENT_USB_Device_Disconnect
 .text.EVENT_USB_Device_ConfigurationChanged
                0x0000000000000258       0x4c obj/usb.o
                0x0000000000000258                EVENT_USB_Device_ConfigurationChanged
 .text.EVENT_USB_Device_ControlRequest
                0x00000000000002a4      0x1f6 obj/usb.o
                0x00000000000002a4                EVENT_USB_Device_ControlRequest
 .text.EVENT_USB_Device_StartOfFrame
                0x000000000000049a       0x18 obj/usb.o
                0x000000000000049a                EVENT_USB_Device_StartOfFrame
 .text.usb_init
                0x00000000000004b2       0x4c obj/usb.o
                0x00000000000004b2                usb_init
 .text.usb_mouse_send_report
                0x00000000000004fe       0x3c obj/usb.o
                0x00000000000004fe                usb_mouse_send_report
 .text.spi_init
                0x000000000000053a        0xc obj/spi.o
                0x000000000000053a                spi_init
 .text.spi_transfer
                0x0000000000000546        0xc obj/spi.o
                0x0000000000000546                spi_transfer
 .text.CALLBACK_USB_GetDescriptor
                0x0000000000000552       0xaa obj/Descriptors.o
                0x0000000000000552                CALLBACK_USB_GetDescriptor
 .text.Endpoint_Write_Stream_LE
                0x00000000000005fc       0x9a obj/EndpointStream_AVR8.o
                0x00000000000005fc                Endpoint_Write_Stream_LE
 .text.Endpoint_Write_Control_Stream_LE
                0x0000000000000696       0xbe obj/EndpointStream_AVR8.o
                0x0000000000000696                Endpoint_Write_Control_Stream_LE
 .text.Endpoint_Read_Control_Stream_LE
                0x0000000000000754       0x76 obj/EndpointStream_AVR8.o
                0x0000000000000754                Endpoint_Read_Control_Stream_LE
 .text.Endpoint_Write_Control_PStream_LE
                0x00000000000007ca       0xc0 obj/EndpointStream_AVR8.o
                0x00000000000007ca                Endpoint_Write_Control_PStream_LE
 .text.Endpoint_ConfigureEndpoint_Prv
                0x000000000000088a       0x68 obj/Endpoint_AVR8.o
                0x000000000000088a                Endpoint_ConfigureEndpoint_Prv
 .text.Endpoint_ClearStatusStage
                0x00000000000008f2       0x3e obj/Endpoint_AVR8.o
                0x00000000000008f2                Endpoint_ClearStatusStage
 .text.Endpoint_WaitUntilReady
                0x0000000000000930       0x5e obj/Endpoint_AVR8.o
                0x0000000000000930                Endpoint_WaitUntilReady
 .text.USB_Disable
                0x000000000000098e       0x30 obj/USBController_AVR8.o
                0x000000000000098e                USB_Disable
 .text.USB_ResetInterface
                0x00000000000009be       0x80 obj/USBController_AVR8.o
                0x00000000000009be                USB_ResetInterface
 .text.USB_Init
                0x0000000000000a3e       0x20 obj/USBController_AVR8.o
                0x0000000000000a3e                USB_Init
 .text.USB_INT_DisableAllInterrupts
                0x0000000000000a5e       0x10 obj/USBInterrupt_AVR8.o
                0x0000000000000a5e                USB_INT_DisableAllInterrupts
 .text.USB_INT_ClearAllInterrupts
                0x0000000000000a6e        0xa obj/USBInterrupt_AVR8.o
                0x0000000000000a6e                USB_INT_ClearAllInterrupts
 .text.__vector_10
                0x0000000000000a78      0x198 obj/USBInterrupt_AVR8.o
                0x0000000000000a78                __vector_10
 .text.__vector_11
                0x0000000000000c10       0x76 obj/USBInterrupt_AVR8.o
                0x0000000000000c10                __vector_11
 .text.USB_Device_ProcessControlRequest
                0x0000000000000c86      0x2b6 obj/DeviceStandardReq.o
                0x0000000000000c86                USB_Device_ProcessControlRequest
 .text.USB_Event_Stub
                0x0000000000000f3c        0x2 obj/Events.o
                0x0000000000000f3c                EVENT_USB_Device_WakeUp
                0x0000000000000f3c                USB_Event_Stub
                0x0000000000000f3c                EVENT_USB_Device_Suspend
                0x0000000000000f3c                EVENT_USB_Device_Reset
                0x0000000000000f3e                . = ALIGN (0x2)
 *(.fini9)
 .fini9         0x0000000000000f3e        0x0 /usr/lib/gcc/avr/7.2.0/avr5/libgcc.a(_exit.o)
                0x0000000000000f3e                exit
                0x0000000000000f3e                _exit
 *(.fini9)
 *(.fini8)
 *(.fini8)
 *(.fini7)
 *(.fini7)
 *(.fini6)
 *(.fini6)
 *(.fini5)
 *(.fini5)
 *(.fini4)
 *(.fini4)
 *(.fini3)
 *(.fini3)
 *(.fini2)
 *(.fini2)
 *(.fini1)
 *(.fini1)
 *(.fini0)
 .fini0         0x0000000000000f3e        0x4 /usr/lib/gcc/avr/7.2.0/avr5/libgcc.a(_exit.o)
 *(.fini0)
 *(.hightext)
 *(.hightext*)
                0x0000000000000f42                . = ALIGN (0x2)
 *(.jumptables)
 *(.jumptables*)
                0x0000000000000f42                _etext = .

.data           0x0000000000800100        0x8 load address 0x0000000000000f42
                0x0000000000800100                PROVIDE (__data_start, .)
 *(.data)
 .data          0x0000000000800100        0x8 obj/usb.o
 *(.data*)
 *(.gnu.linkonce.d*)
 *(.rodata)
 *(.rodata*)
 *(.gnu.linkonce.r*)
                0x0000000000800108                . = ALIGN (0x2)
                0x0000000000800108                _edata = .
                0x0000000000800108                PROVIDE (__data_end, .)

.bss            0x0000000000800108       0x44
                0x0000000000800108                PROVIDE (__bss_start, .)
 *(.bss)
 .bss           0x0000000000800108       0x2f obj/usb.o
 *(.bss*)
 *(COMMON)
 COMMON         0x0000000000800137        0x8 obj/pointer.o
                0x0000000000800137                recv_buf
                0x0000000000800139                recv_len
                0x000000000080013a                recv_op
                0x000000000080013b                send_op
                0x000000000080013c                send_buf
                0x000000000080013e                send_len
 COMMON         0x000000000080013f        0x3 obj/DeviceStandardReq.o
                0x000000000080013f                USB_Device_ConfigurationNumber
                0x0000000000800140                USB_Device_CurrentlySelfPowered
                0x0000000000800141                USB_Device_RemoteWakeupEnabled
 COMMON         0x0000000000800142        0xa obj/USBTask.o
                0x0000000000800142                USB_IsInitialized
                0x0000000000800143                USB_DeviceState
                0x0000000000800144                USB_ControlRequest
                0x000000000080014c                PROVIDE (__bss_end, .)
                0x0000000000000f42                __data_load_start = LOADADDR (.data)
                0x0000000000000f4a                __data_load_end = (__data_load_start + SIZEOF (.data))

.noinit         0x000000000080014c        0x0
                [!provide]                        PROVIDE (__noinit_start, .)
 *(.noinit*)
                [!provide]                        PROVIDE (__noinit_end, .)
                0x000000000080014c                _end = .
                [!provide]                        PROVIDE (__heap_start, .)

.eeprom         0x0000000000810000        0x0
 *(.eeprom*)
                0x0000000000810000                __eeprom_end = .

.fuse
 *(.fuse)
 *(.lfuse)
 *(.hfuse)
 *(.efuse)

.lock
 *(.lock*)

.signature
 *(.signature*)

.stab
 *(.stab)

.stabstr
 *(.stabstr)

.stab.excl
 *(.stab.excl)

.stab.exclstr
 *(.stab.exclstr)

.stab.index
 *(.stab.index)

.stab.indexstr
 *(.stab.indexstr)

.comment        0x0000000000000000       0x11
 *(.comment)
 .comment       0x0000000000000000       0x11 obj/pointer.o
                                         0x12 (size before relaxing)
 .comment       0x0000000000000011       0x12 obj/usb.o
 .comment       0x0000000000000011       0x12 obj/spi.o
 .comment       0x0000000000000011       0x12 obj/Descriptors.o
 .comment       0x0000000000000011       0x12 obj/EndpointStream_AVR8.o
 .comment       0x0000000000000011       0x12 obj/Endpoint_AVR8.o
 .comment       0x0000000000000011       0x12 obj/USBController_AVR8.o
 .comment       0x0000000000000011       0x12 obj/USBInterrupt_AVR8.o
 .comment       0x0000000000000011       0x12 obj/DeviceStandardReq.o
 .comment       0x0000000000000011       0x12 obj/Events.o
 .comment       0x0000000000000011       0x12 obj/USBTask.o

.note.gnu.avr.deviceinfo
                0x0000000000000000       0x40
 .note.gnu.avr.deviceinfo
                0x0000000000000000       0x40 /usr/lib/gcc/avr/7.2.0/../../../../avr/lib/avr5/crtatmega32u4.o

.note.gnu.build-id
 *(.note.gnu.build-id)

.debug
 *(.debug)

.line
 *(.line)

.debug_srcinfo
 *(.debug_srcinfo)

.debug_sfnames
 *(.debug_sfnames)

.debug_aranges  0x0000000000000000      0x2b8
 *(.debug_aranges)
 .debug_aranges
                0x0000000000000000       0x20 obj/pointer.o
 .debug_aranges
                0x0000000000000020       0x80 obj/usb.o
 .debug_aranges
                0x00000000000000a0       0x28 obj/spi.o
 .debug_aranges
                0x00000000000000c8       0x20 obj/Descriptors.o
 .debug_aranges
                0x00000000000000e8       0xc8 obj/EndpointStream_AVR8.o
 .debug_aranges
                0x00000000000001b0       0x40 obj/Endpoint_AVR8.o
 .debug_aranges
                0x00000000000001f0       0x30 obj/USBController_AVR8.o
 .debug_aranges
                0x0000000000000220       0x38 obj/USBInterrupt_AVR8.o
 .debug_aranges
                0x0000000000000258       0x20 obj/DeviceStandardReq.o
 .debug_aranges
                0x0000000000000278       0x20 obj/Events.o
 .debug_aranges
                0x0000000000000298       0x20 obj/USBTask.o

.debug_pubnames
 *(.debug_pubnames)

.debug_info     0x0000000000000000     0x63a2
 *(.debug_info .gnu.linkonce.wi.*)
 .debug_info    0x0000000000000000      0x9f4 /usr/lib/gcc/avr/7.2.0/../../../../avr/lib/avr5/crtatmega32u4.o
 .debug_info    0x00000000000009f4      0x3f2 obj/pointer.o
 .debug_info    0x0000000000000de6     0x1097 obj/usb.o
 .debug_info    0x0000000000001e7d       0xaf obj/spi.o
 .debug_info    0x0000000000001f2c      0xb0b obj/Descriptors.o
 .debug_info    0x0000000000002a37     0x17d8 obj/EndpointStream_AVR8.o
 .debug_info    0x000000000000420f      0x64a obj/Endpoint_AVR8.o
 .debug_info    0x0000000000004859      0x54a obj/USBController_AVR8.o
 .debug_info    0x0000000000004da3      0x875 obj/USBInterrupt_AVR8.o
 .debug_info    0x0000000000005618      0xa6b obj/DeviceStandardReq.o
 .debug_info    0x0000000000006083       0x78 obj/Events.o
 .debug_info    0x00000000000060fb      0x2a7 obj/USBTask.o

.debug_abbrev   0x0000000000000000     0x1e9c
 *(.debug_abbrev)
 .debug_abbrev  0x0000000000000000      0x96a /usr/lib/gcc/avr/7.2.0/../../../../avr/lib/avr5/crtatmega32u4.o
 .debug_abbrev  0x000000000000096a      0x1b5 obj/pointer.o
 .debug_abbrev  0x0000000000000b1f      0x415 obj/usb.o
 .debug_abbrev  0x0000000000000f34       0x7c obj/spi.o
 .debug_abbrev  0x0000000000000fb0      0x1d9 obj/Descriptors.o
 .debug_abbrev  0x0000000000001189      0x20a obj/EndpointStream_AVR8.o
 .debug_abbrev  0x0000000000001393      0x251 obj/Endpoint_AVR8.o
 .debug_abbrev  0x00000000000015e4      0x1af obj/USBController_AVR8.o
 .debug_abbrev  0x0000000000001793      0x231 obj/USBInterrupt_AVR8.o
 .debug_abbrev  0x00000000000019c4      0x2fc obj/DeviceStandardReq.o
 .debug_abbrev  0x0000000000001cc0       0x44 obj/Events.o
 .debug_abbrev  0x0000000000001d04      0x198 obj/USBTask.o

.debug_line     0x0000000000000000     0x312b
 *(.debug_line .debug_line.* .debug_line_end)
 .debug_line    0x0000000000000000       0x1d /usr/lib/gcc/avr/7.2.0/../../../../avr/lib/avr5/crtatmega32u4.o
 .debug_line    0x000000000000001d      0x169 obj/pointer.o
 .debug_line    0x0000000000000186      0x719 obj/usb.o
 .debug_line    0x000000000000089f       0x95 obj/spi.o
 .debug_line    0x0000000000000934      0x248 obj/Descriptors.o
 .debug_line    0x0000000000000b7c     0x135c obj/EndpointStream_AVR8.o
 .debug_line    0x0000000000001ed8      0x475 obj/Endpoint_AVR8.o
 .debug_line    0x000000000000234d      0x2c6 obj/USBController_AVR8.o
 .debug_line    0x0000000000002613      0x4e8 obj/USBInterrupt_AVR8.o
 .debug_line    0x0000000000002afb      0x484 obj/DeviceStandardReq.o
 .debug_line    0x0000000000002f7f       0x55 obj/Events.o
 .debug_line    0x0000000000002fd4      0x157 obj/USBTask.o

.debug_frame    0x0000000000000000      0x7e4
 *(.debug_frame)
 .debug_frame   0x0000000000000000       0x24 obj/pointer.o
 .debug_frame   0x0000000000000024      0x120 obj/usb.o
 .debug_frame   0x0000000000000144       0x34 obj/spi.o
 .debug_frame   0x0000000000000178       0x24 obj/Descriptors.o
 .debug_frame   0x000000000000019c      0x404 obj/EndpointStream_AVR8.o
 .debug_frame   0x00000000000005a0       0x78 obj/Endpoint_AVR8.o
 .debug_frame   0x0000000000000618       0x58 obj/USBController_AVR8.o
 .debug_frame   0x0000000000000670       0xe8 obj/USBInterrupt_AVR8.o
 .debug_frame   0x0000000000000758       0x3c obj/DeviceStandardReq.o
 .debug_frame   0x0000000000000794       0x24 obj/Events.o
 .debug_frame   0x00000000000007b8       0x2c obj/USBTask.o

.debug_str      0x0000000000000000     0x29c6
 *(.debug_str)
 .debug_str     0x0000000000000000      0x371 /usr/lib/gcc/avr/7.2.0/../../../../avr/lib/avr5/crtatmega32u4.o
 .debug_str     0x0000000000000371      0x314 obj/pointer.o
                                        0x354 (size before relaxing)
 .debug_str     0x0000000000000685      0x833 obj/usb.o
                                        0xb8b (size before relaxing)
 .debug_str     0x0000000000000eb8        0x6 obj/spi.o
                                        0x19c (size before relaxing)
 .debug_str     0x0000000000000ebe      0xcb5 obj/Descriptors.o
                                        0xfb6 (size before relaxing)
 .debug_str     0x0000000000001b73      0x499 obj/EndpointStream_AVR8.o
                                        0x8c9 (size before relaxing)
 .debug_str     0x000000000000200c      0x24b obj/Endpoint_AVR8.o
                                        0x689 (size before relaxing)
 .debug_str     0x0000000000002257      0x189 obj/USBController_AVR8.o
                                        0x5ad (size before relaxing)
 .debug_str     0x00000000000023e0      0x16c obj/USBInterrupt_AVR8.o
                                        0x67d (size before relaxing)
 .debug_str     0x000000000000254c      0x404 obj/DeviceStandardReq.o
                                        0x9dd (size before relaxing)
 .debug_str     0x0000000000002950       0x2e obj/Events.o
                                        0x1a6 (size before relaxing)
 .debug_str     0x000000000000297e       0x48 obj/USBTask.o
                                        0x3dc (size before relaxing)

.debug_loc      0x0000000000000000     0x38bf
 *(.debug_loc)
 .debug_loc     0x0000000000000000       0x6a obj/pointer.o
 .debug_loc     0x000000000000006a      0x593 obj/usb.o
 .debug_loc     0x00000000000005fd       0x1f obj/spi.o
 .debug_loc     0x000000000000061c      0x24c obj/Descriptors.o
 .debug_loc     0x0000000000000868     0x240c obj/EndpointStream_AVR8.o
 .debug_loc     0x0000000000002c74      0x422 obj/Endpoint_AVR8.o
 .debug_loc     0x0000000000003096       0xd5 obj/USBController_AVR8.o
 .debug_loc     0x000000000000316b      0x3e7 obj/USBInterrupt_AVR8.o
 .debug_loc     0x0000000000003552      0x324 obj/DeviceStandardReq.o
 .debug_loc     0x0000000000003876       0x49 obj/USBTask.o

.debug_macinfo
 *(.debug_macinfo)

.debug_weaknames
 *(.debug_weaknames)

.debug_funcnames
 *(.debug_funcnames)

.debug_typenames
 *(.debug_typenames)

.debug_varnames
 *(.debug_varnames)

.debug_pubtypes
 *(.debug_pubtypes)

.debug_ranges   0x0000000000000000      0x678
 *(.debug_ranges)
 .debug_ranges  0x0000000000000000       0x10 obj/pointer.o
 .debug_ranges  0x0000000000000010      0x130 obj/usb.o
 .debug_ranges  0x0000000000000140       0x18 obj/spi.o
 .debug_ranges  0x0000000000000158       0x28 obj/Descriptors.o
 .debug_ranges  0x0000000000000180      0x238 obj/EndpointStream_AVR8.o
 .debug_ranges  0x00000000000003b8       0xe8 obj/Endpoint_AVR8.o
 .debug_ranges  0x00000000000004a0       0x20 obj/USBController_AVR8.o
 .debug_ranges  0x00000000000004c0       0x28 obj/USBInterrupt_AVR8.o
 .debug_ranges  0x00000000000004e8      0x128 obj/DeviceStandardReq.o
 .debug_ranges  0x0000000000000610       0x10 obj/Events.o
 .debug_ranges  0x0000000000000620       0x58 obj/USBTask.o

.debug_macro
 *(.debug_macro)

.debug_addr
 *(.debug_addr)
OUTPUT(pointer.elf elf32-avr)
LOAD linker stubs

Cross Reference Table

Symbol                                            File
Audio_Device_ConfigureEndpoints                   obj/AudioClassDevice.o
Audio_Device_Event_Stub                           obj/AudioClassDevice.o
Audio_Device_ProcessControlRequest                obj/AudioClassDevice.o
CALLBACK_Audio_Device_GetSetEndpointProperty      obj/AudioClassDevice.o
CALLBACK_Audio_Device_GetSetInterfaceProperty     obj/AudioClassDevice.o
CALLBACK_HIDParser_FilterHIDReportItem            obj/HIDParser.o
CALLBACK_HID_Device_CreateHIDReport               obj/HIDClassDevice.o
CALLBACK_HID_Device_ProcessHIDReport              obj/HIDClassDevice.o
CALLBACK_MS_Device_SCSICommandReceived            obj/MassStorageClassDevice.o
CALLBACK_USB_GetDescriptor                        obj/Descriptors.o
                                                  obj/DeviceStandardReq.o
CDC_Device_BytesReceived                          obj/CDCClassDevice.o
CDC_Device_ConfigureEndpoints                     obj/CDCClassDevice.o
CDC_Device_CreateBlockingStream                   obj/CDCClassDevice.o
CDC_Device_CreateStream                           obj/CDCClassDevice.o
CDC_Device_Event_Stub                             obj/CDCClassDevice.o
CDC_Device_Flush                                  obj/CDCClassDevice.o
CDC_Device_ProcessControlRequest                  obj/CDCClassDevice.o
CDC_Device_ReceiveByte                            obj/CDCClassDevice.o
CDC_Device_SendByte                               obj/CDCClassDevice.o
CDC_Device_SendControlLineStateChange             obj/CDCClassDevice.o
CDC_Device_SendData                               obj/CDCClassDevice.o
CDC_Device_SendData_P                             obj/CDCClassDevice.o
CDC_Device_SendString                             obj/CDCClassDevice.o
CDC_Device_SendString_P                           obj/CDCClassDevice.o
CDC_Device_USBTask                                obj/CDCClassDevice.o
ConfigurationDescriptor                           obj/Descriptors.o
DeviceDescriptor                                  obj/Descriptors.o
EVENT_Audio_Device_StreamStartStop                obj/AudioClassDevice.o
EVENT_CDC_Device_BreakSent                        obj/CDCClassDevice.o
EVENT_CDC_Device_ControLineStateChanged           obj/CDCClassDevice.o
EVENT_CDC_Device_LineEncodingChanged              obj/CDCClassDevice.o
EVENT_PRNT_Device_SoftReset                       obj/PrinterClassDevice.o
EVENT_USB_Device_ConfigurationChanged             obj/usb.o
                                                  obj/DeviceStandardReq.o
EVENT_USB_Device_Connect                          obj/usb.o
                                                  obj/USBInterrupt_AVR8.o
EVENT_USB_Device_ControlRequest                   obj/usb.o
                                                  obj/DeviceStandardReq.o
EVENT_USB_Device_Disconnect                       obj/usb.o
                                                  obj/USBInterrupt_AVR8.o
EVENT_USB_Device_Reset                            obj/Events.o
                                                  obj/USBInterrupt_AVR8.o
EVENT_USB_Device_StartOfFrame                     obj/usb.o
                                                  obj/USBInterrupt_AVR8.o
EVENT_USB_Device_Suspend                          obj/Events.o
                                                  obj/USBInterrupt_AVR8.o
EVENT_USB_Device_WakeUp                           obj/Events.o
                                                  obj/USBInterrupt_AVR8.o
Endpoint_ClearEndpoints                           obj/Endpoint_AVR8.o
Endpoint_ClearStatusStage                         obj/Endpoint_AVR8.o
                                                  obj/PrinterClassDevice.o
                                                  obj/MassStorageClassDevice.o
                                                  obj/HIDClassDevice.o
                                                  obj/CDCClassDevice.o
                                                  obj/AudioClassDevice.o
                                                  obj/DeviceStandardReq.o
                                                  obj/usb.o
Endpoint_ConfigureEndpointTable                   obj/Endpoint_AVR8.o
                                                  obj/RNDISClassDevice.o
                                                  obj/PrinterClassDevice.o
                                                  obj/MIDIClassDevice.o
                                                  obj/MassStorageClassDevice.o
                                                  obj/HIDClassDevice.o
                                                  obj/CDCClassDevice.o
                                                  obj/AudioClassDevice.o
Endpoint_ConfigureEndpoint_Prv                    obj/Endpoint_AVR8.o
                                                  obj/USBInterrupt_AVR8.o
                                                  obj/USBController_AVR8.o
                                                  obj/usb.o
Endpoint_Discard_Stream                           obj/EndpointStream_AVR8.o
Endpoint_Null_Stream                              obj/EndpointStream_AVR8.o
Endpoint_Read_Control_EStream_BE                  obj/EndpointStream_AVR8.o
Endpoint_Read_Control_EStream_LE                  obj/EndpointStream_AVR8.o
Endpoint_Read_Control_Stream_BE                   obj/EndpointStream_AVR8.o
Endpoint_Read_Control_Stream_LE                   obj/EndpointStream_AVR8.o
                                                  obj/RNDISClassDevice.o
                                                  obj/HIDClassDevice.o
                                                  obj/AudioClassDevice.o
                                                  obj/usb.o
Endpoint_Read_EStream_BE                          obj/EndpointStream_AVR8.o
Endpoint_Read_EStream_LE                          obj/EndpointStream_AVR8.o
Endpoint_Read_Stream_BE                           obj/EndpointStream_AVR8.o
Endpoint_Read_Stream_LE                           obj/EndpointStream_AVR8.o
                                                  obj/RNDISClassDevice.o
                                                  obj/MIDIClassDevice.o
                                                  obj/MassStorageClassDevice.o
Endpoint_WaitUntilReady                           obj/Endpoint_AVR8.o
                                                  obj/RNDISClassDevice.o
                                                  obj/PrinterClassDevice.o
                                                  obj/MIDIClassDevice.o
                                                  obj/CDCClassDevice.o
                                                  obj/EndpointStream_AVR8.o
                                                  obj/usb.o
Endpoint_Write_Control_EStream_BE                 obj/EndpointStream_AVR8.o
Endpoint_Write_Control_EStream_LE                 obj/EndpointStream_AVR8.o
Endpoint_Write_Control_PStream_BE                 obj/EndpointStream_AVR8.o
Endpoint_Write_Control_PStream_LE                 obj/EndpointStream_AVR8.o
                                                  obj/DeviceStandardReq.o
Endpoint_Write_Control_Stream_BE                  obj/EndpointStream_AVR8.o
Endpoint_Write_Control_Stream_LE                  obj/EndpointStream_AVR8.o
                                                  obj/RNDISClassDevice.o
                                                  obj/PrinterClassDevice.o
                                                  obj/HIDClassDevice.o
                                                  obj/AudioClassDevice.o
                                                  obj/DeviceStandardReq.o
                                                  obj/usb.o
Endpoint_Write_EStream_BE                         obj/EndpointStream_AVR8.o
Endpoint_Write_EStream_LE                         obj/EndpointStream_AVR8.o
Endpoint_Write_PStream_BE                         obj/EndpointStream_AVR8.o
Endpoint_Write_PStream_LE                         obj/EndpointStream_AVR8.o
                                                  obj/CDCClassDevice.o
Endpoint_Write_Stream_BE                          obj/EndpointStream_AVR8.o
Endpoint_Write_Stream_LE                          obj/EndpointStream_AVR8.o
                                                  obj/RNDISClassDevice.o
                                                  obj/PrinterClassDevice.o
                                                  obj/MIDIClassDevice.o
                                                  obj/MassStorageClassDevice.o
                                                  obj/HIDClassDevice.o
                                                  obj/CDCClassDevice.o
                                                  obj/usb.o
HID_Device_ConfigureEndpoints                     obj/HIDClassDevice.o
HID_Device_ProcessControlRequest                  obj/HIDClassDevice.o
HID_Device_USBTask                                obj/HIDClassDevice.o
KeyboardReport                                    obj/Descriptors.o
LanguageString                                    obj/Descriptors.o
MIDI_Device_ConfigureEndpoints                    obj/MIDIClassDevice.o
MIDI_Device_Flush                                 obj/MIDIClassDevice.o
MIDI_Device_ReceiveEventPacket                    obj/MIDIClassDevice.o
MIDI_Device_SendEventPacket                       obj/MIDIClassDevice.o
MIDI_Device_USBTask                               obj/MIDIClassDevice.o
MS_Device_ConfigureEndpoints                      obj/MassStorageClassDevice.o
MS_Device_ProcessControlRequest                   obj/MassStorageClassDevice.o
MS_Device_USBTask                                 obj/MassStorageClassDevice.o
ManufacturerString                                obj/Descriptors.o
MouseReport                                       obj/Descriptors.o
PRNT_Device_BytesReceived                         obj/PrinterClassDevice.o
PRNT_Device_ConfigureEndpoints                    obj/PrinterClassDevice.o
PRNT_Device_CreateBlockingStream                  obj/PrinterClassDevice.o
PRNT_Device_CreateStream                          obj/PrinterClassDevice.o
PRNT_Device_Event_Stub                            obj/PrinterClassDevice.o
PRNT_Device_Flush                                 obj/PrinterClassDevice.o
PRNT_Device_ProcessControlRequest                 obj/PrinterClassDevice.o
PRNT_Device_ReceiveByte                           obj/PrinterClassDevice.o
PRNT_Device_SendByte                              obj/PrinterClassDevice.o
PRNT_Device_SendData                              obj/PrinterClassDevice.o
PRNT_Device_SendString                            obj/PrinterClassDevice.o
PRNT_Device_USBTask                               obj/PrinterClassDevice.o
ProductString                                     obj/Descriptors.o
RNDIS_Device_ConfigureEndpoints                   obj/RNDISClassDevice.o
RNDIS_Device_IsPacketReceived                     obj/RNDISClassDevice.o
RNDIS_Device_ProcessControlRequest                obj/RNDISClassDevice.o
RNDIS_Device_ReadPacket                           obj/RNDISClassDevice.o
RNDIS_Device_SendPacket                           obj/RNDISClassDevice.o
RNDIS_Device_USBTask                              obj/RNDISClassDevice.o
USB_ControlRequest                                obj/USBTask.o
                                                  obj/RNDISClassDevice.o
                                                  obj/PrinterClassDevice.o
                                                  obj/MassStorageClassDevice.o
                                                  obj/HIDClassDevice.o
                                                  obj/CDCClassDevice.o
                                                  obj/AudioClassDevice.o
                                                  obj/DeviceStandardReq.o
                                                  obj/Endpoint_AVR8.o
                                                  obj/EndpointStream_AVR8.o
                                                  obj/usb.o
USB_DeviceState                                   obj/USBTask.o
                                                  obj/RNDISClassDevice.o
                                                  obj/PrinterClassDevice.o
                                                  obj/MIDIClassDevice.o
                                                  obj/MassStorageClassDevice.o
                                                  obj/HIDClassDevice.o
                                                  obj/CDCClassDevice.o
                                                  obj/DeviceStandardReq.o
                                                  obj/USBInterrupt_AVR8.o
                                                  obj/USBController_AVR8.o
                                                  obj/Endpoint_AVR8.o
                                                  obj/EndpointStream_AVR8.o
                                                  obj/usb.o
USB_Device_ConfigurationNumber                    obj/DeviceStandardReq.o
                                                  obj/USBInterrupt_AVR8.o
                                                  obj/USBController_AVR8.o
USB_Device_CurrentlySelfPowered                   obj/DeviceStandardReq.o
                                                  obj/USBController_AVR8.o
USB_Device_ProcessControlRequest                  obj/DeviceStandardReq.o
                                                  obj/USBTask.o
                                                  obj/USBInterrupt_AVR8.o
USB_Device_RemoteWakeupEnabled                    obj/DeviceStandardReq.o
                                                  obj/USBController_AVR8.o
USB_Device_SendRemoteWakeup                       obj/Device_AVR8.o
USB_Disable                                       obj/USBController_AVR8.o
                                                  obj/usb.o
USB_Event_Stub                                    obj/Events.o
USB_GetHIDReportItemInfo                          obj/HIDParser.o
USB_GetHIDReportSize                              obj/HIDParser.o
USB_GetNextDescriptorComp                         obj/ConfigDescriptors.o
USB_GetNextDescriptorOfType                       obj/ConfigDescriptors.o
USB_GetNextDescriptorOfTypeAfter                  obj/ConfigDescriptors.o
USB_GetNextDescriptorOfTypeBefore                 obj/ConfigDescriptors.o
USB_INT_ClearAllInterrupts                        obj/USBInterrupt_AVR8.o
                                                  obj/USBController_AVR8.o
USB_INT_DisableAllInterrupts                      obj/USBInterrupt_AVR8.o
                                                  obj/USBController_AVR8.o
USB_Init                                          obj/USBController_AVR8.o
                                                  obj/usb.o
USB_IsInitialized                                 obj/USBTask.o
                                                  obj/USBController_AVR8.o
USB_ProcessHIDReport                              obj/HIDParser.o
USB_ResetInterface                                obj/USBController_AVR8.o
USB_SetHIDReportItemInfo                          obj/HIDParser.o
USB_USBTask                                       obj/USBTask.o
                                                  obj/PrinterClassDevice.o
                                                  obj/CDCClassDevice.o
__bad_interrupt                                   /usr/lib/gcc/avr/7.2.0/../../../../avr/lib/avr5/crtatmega32u4.o
__bss_end                                         /usr/lib/gcc/avr/7.2.0/avr5/libgcc.a(_clear_bss.o)
__bss_start                                       /usr/lib/gcc/avr/7.2.0/avr5/libgcc.a(_clear_bss.o)
__data_end                                        /usr/lib/gcc/avr/7.2.0/avr5/libgcc.a(_copy_data.o)
__data_load_start                                 /usr/lib/gcc/avr/7.2.0/avr5/libgcc.a(_copy_data.o)
__data_start                                      /usr/lib/gcc/avr/7.2.0/avr5/libgcc.a(_copy_data.o)
__do_clear_bss                                    /usr/lib/gcc/avr/7.2.0/avr5/libgcc.a(_clear_bss.o)
                                                  obj/USBTask.o
                                                  obj/DeviceStandardReq.o
                                                  obj/usb.o
                                                  obj/pointer.o
__do_copy_data                                    /usr/lib/gcc/avr/7.2.0/avr5/libgcc.a(_copy_data.o)
                                                  obj/RNDISClassDevice.o
                                                  obj/CDCClassDevice.o
                                                  obj/usb.o
__heap_end                                        /usr/lib/gcc/avr/7.2.0/../../../../avr/lib/avr5/crtatmega32u4.o
__init                                            /usr/lib/gcc/avr/7.2.0/../../../../avr/lib/avr5/crtatmega32u4.o
__stack                                           /usr/lib/gcc/avr/7.2.0/../../../../avr/lib/avr5/crtatmega32u4.o
__strlen_P                                        /usr/lib/gcc/avr/7.2.0/../../../../avr/lib/avr5/libc.a(strlen_P.o)
                                                  obj/CDCClassDevice.o
__vector_1                                        /usr/lib/gcc/avr/7.2.0/../../../../avr/lib/avr5/crtatmega32u4.o
__vector_10                                       obj/USBInterrupt_AVR8.o
                                                  /usr/lib/gcc/avr/7.2.0/../../../../avr/lib/avr5/crtatmega32u4.o
__vector_11                                       obj/USBInterrupt_AVR8.o
                                                  /usr/lib/gcc/avr/7.2.0/../../../../avr/lib/avr5/crtatmega32u4.o
__vector_12                                       /usr/lib/gcc/avr/7.2.0/../../../../avr/lib/avr5/crtatmega32u4.o
__vector_13                                       /usr/lib/gcc/avr/7.2.0/../../../../avr/lib/avr5/crtatmega32u4.o
__vector_14                                       /usr/lib/gcc/avr/7.2.0/../../../../avr/lib/avr5/crtatmega32u4.o
__vector_15                                       /usr/lib/gcc/avr/7.2.0/../../../../avr/lib/avr5/crtatmega32u4.o
__vector_16                                       /usr/lib/gcc/avr/7.2.0/../../../../avr/lib/avr5/crtatmega32u4.o
__vector_17                                       /usr/lib/gcc/avr/7.2.0/../../../../avr/lib/avr5/crtatmega32u4.o
__vector_18                                       /usr/lib/gcc/avr/7.2.0/../../../../avr/lib/avr5/crtatmega32u4.o
__vector_19                                       /usr/lib/gcc/avr/7.2.0/../../../../avr/lib/avr5/crtatmega32u4.o
__vector_2                                        /usr/lib/gcc/avr/7.2.0/../../../../avr/lib/avr5/crtatmega32u4.o
__vector_20                                       /usr/lib/gcc/avr/7.2.0/../../../../avr/lib/avr5/crtatmega32u4.o
__vector_21                                       /usr/lib/gcc/avr/7.2.0/../../../../avr/lib/avr5/crtatmega32u4.o
__vector_22                                       /usr/lib/gcc/avr/7.2.0/../../../../avr/lib/avr5/crtatmega32u4.o
__vector_23                                       /usr/lib/gcc/avr/7.2.0/../../../../avr/lib/avr5/crtatmega32u4.o
__vector_24                                       /usr/lib/gcc/avr/7.2.0/../../../../avr/lib/avr5/crtatmega32u4.o
__vector_25                                       /usr/lib/gcc/avr/7.2.0/../../../../avr/lib/avr5/crtatmega32u4.o
__vector_26                                       /usr/lib/gcc/avr/7.2.0/../../../../avr/lib/avr5/crtatmega32u4.o
__vector_27                                       /usr/lib/gcc/avr/7.2.0/../../../../avr/lib/avr5/crtatmega32u4.o
__vector_28                                       /usr/lib/gcc/avr/7.2.0/../../../../avr/lib/avr5/crtatmega32u4.o
__vector_29                                       /usr/lib/gcc/avr/7.2.0/../../../../avr/lib/avr5/crtatmega32u4.o
__vector_3                                        /usr/lib/gcc/avr/7.2.0/../../../../avr/lib/avr5/crtatmega32u4.o
__vector_30                                       /usr/lib/gcc/avr/7.2.0/../../../../avr/lib/avr5/crtatmega32u4.o
__vector_31                                       /usr/lib/gcc/avr/7.2.0/../../../../avr/lib/avr5/crtatmega32u4.o
__vector_32                                       /usr/lib/gcc/avr/7.2.0/../../../../avr/lib/avr5/crtatmega32u4.o
__vector_33                                       /usr/lib/gcc/avr/7.2.0/../../../../avr/lib/avr5/crtatmega32u4.o
__vector_34                                       /usr/lib/gcc/avr/7.2.0/../../../../avr/lib/avr5/crtatmega32u4.o
__vector_35                                       /usr/lib/gcc/avr/7.2.0/../../../../avr/lib/avr5/crtatmega32u4.o
__vector_36                                       /usr/lib/gcc/avr/7.2.0/../../../../avr/lib/avr5/crtatmega32u4.o
__vector_37                                       /usr/lib/gcc/avr/7.2.0/../../../../avr/lib/avr5/crtatmega32u4.o
__vector_38                                       /usr/lib/gcc/avr/7.2.0/../../../../avr/lib/avr5/crtatmega32u4.o
__vector_39                                       /usr/lib/gcc/avr/7.2.0/../../../../avr/lib/avr5/crtatmega32u4.o
__vector_4                                        /usr/lib/gcc/avr/7.2.0/../../../../avr/lib/avr5/crtatmega32u4.o
__vector_40                                       /usr/lib/gcc/avr/7.2.0/../../../../avr/lib/avr5/crtatmega32u4.o
__vector_41                                       /usr/lib/gcc/avr/7.2.0/../../../../avr/lib/avr5/crtatmega32u4.o
__vector_42                                       /usr/lib/gcc/avr/7.2.0/../../../../avr/lib/avr5/crtatmega32u4.o
__vector_5                                        /usr/lib/gcc/avr/7.2.0/../../../../avr/lib/avr5/crtatmega32u4.o
__vector_6                                        /usr/lib/gcc/avr/7.2.0/../../../../avr/lib/avr5/crtatmega32u4.o
__vector_7                                        /usr/lib/gcc/avr/7.2.0/../../../../avr/lib/avr5/crtatmega32u4.o
__vector_8                                        /usr/lib/gcc/avr/7.2.0/../../../../avr/lib/avr5/crtatmega32u4.o
__vector_9                                        /usr/lib/gcc/avr/7.2.0/../../../../avr/lib/avr5/crtatmega32u4.o
__vector_default                                  /usr/lib/gcc/avr/7.2.0/../../../../avr/lib/avr5/crtatmega32u4.o
__vectors                                         /usr/lib/gcc/avr/7.2.0/../../../../avr/lib/avr5/crtatmega32u4.o
_exit                                             /usr/lib/gcc/avr/7.2.0/avr5/libgcc.a(_exit.o)
eeprom_read_byte                                  /usr/lib/gcc/avr/7.2.0/../../../../avr/lib/avr5/libatmega32u4.a(eerd_byte.o)
                                                  obj/EndpointStream_AVR8.o
eeprom_update_byte                                /usr/lib/gcc/avr/7.2.0/../../../../avr/lib/avr5/libatmega32u4.a(eeupd_byte.o)
                                                  obj/EndpointStream_AVR8.o
eeprom_update_r18                                 /usr/lib/gcc/avr/7.2.0/../../../../avr/lib/avr5/libatmega32u4.a(eeupd_byte.o)
exit                                              /usr/lib/gcc/avr/7.2.0/avr5/libgcc.a(_exit.o)
                                                  /usr/lib/gcc/avr/7.2.0/../../../../avr/lib/avr5/crtatmega32u4.o
main                                              obj/pointer.o
                                                  /usr/lib/gcc/avr/7.2.0/../../../../avr/lib/avr5/crtatmega32u4.o
memcmp                                            /usr/lib/gcc/avr/7.2.0/../../../../avr/lib/avr5/libc.a(memcmp.o)
                                                  obj/HIDClassDevice.o
memcpy                                            /usr/lib/gcc/avr/7.2.0/../../../../avr/lib/avr5/libc.a(memcpy.o)
                                                  obj/RNDISClassDevice.o
                                                  obj/HIDClassDevice.o
memcpy_P                                          /usr/lib/gcc/avr/7.2.0/../../../../avr/lib/avr5/libc.a(memcpy_P.o)
                                                  obj/RNDISClassDevice.o
memset                                            /usr/lib/gcc/avr/7.2.0/../../../../avr/lib/avr5/libc.a(memset.o)
                                                  obj/HIDClassDevice.o
recv_buf                                          obj/usb.o
                                                  obj/pointer.o
recv_len                                          obj/usb.o
                                                  obj/pointer.o
recv_op                                           obj/usb.o
                                                  obj/pointer.o
send_buf                                          obj/usb.o
                                                  obj/pointer.o
send_len                                          obj/usb.o
                                                  obj/pointer.o
send_op                                           obj/usb.o
                                                  obj/pointer.o
spi_init                                          obj/spi.o
                                                  obj/pointer.o
spi_transfer                                      obj/spi.o
                                                  obj/pointer.o
usb_cdc_send_packet                               obj/usb.o
usb_init                                          obj/usb.o
                                                  obj/pointer.o
usb_keyboard_key_down                             obj/usb.o
usb_keyboard_key_up                               obj/usb.o
usb_keyboard_modifier_down                        obj/usb.o
usb_keyboard_modifier_up                          obj/usb.o
usb_keyboard_send_report                          obj/usb.o
usb_mouse_send_report                             obj/usb.o
                                                  obj/pointer.o
usb_run                                           obj/usb.o
